PS C:\Users\hiros\OneDrive\Desktop\code_for_design_comp> cd C:\Users\hiros\OneDrive\Desktop\Git課題
PS C:\Users\hiros\OneDrive\Desktop\Git課題> mkdir git_challenge


    ディレクトリ: C:\Users\hiros\OneDrive\Desktop\Git課題


Mode                 LastWriteTime         Length Name
----                 -------------         ------ ----
d-----        2025/06/29     17:01                git_challenge


PS C:\Users\hiros\OneDrive\Desktop\Git課題> cd C:\Users\hiros\OneDrive\Desktop\Git課題\git_challenge
PS C:\Users\hiros\OneDrive\Desktop\Git課題\git_challenge> git init
Initialized empty Git repository in C:/Users/hiros/OneDrive/Desktop/Git課題/git_challenge/.git/
PS C:\Users\hiros\OneDrive\Desktop\Git課題\git_challenge> git add hello_world.txt
PS C:\Users\hiros\OneDrive\Desktop\Git課題\git_challenge> git commit -m "１回 目のコミット"
[main 5942a7f] １回目のコミット
 1 file changed, 1 insertion(+)
PS C:\Users\hiros\OneDrive\Desktop\Git課題\git_challenge> git add hello_world.txt
PS C:\Users\hiros\OneDrive\Desktop\Git課題\git_challenge> git commit -m "２回 目のコミット"
[main 58a0041] ２回目のコミット
 1 file changed, 2 insertions(+), 1 deletion(-)
PS C:\Users\hiros\OneDrive\Desktop\Git課題\git_challenge> git log --oneline
58a0041 (HEAD -> main) ２回目のコミット
5942a7f １回目のコミット
PS C:\Users\hiros\OneDrive\Desktop\Git課題\git_challenge> 